
> anysafeties@0.1.0 test
> react-scripts test --coverage

FAIL src/App.test.js
  ✕ renders learn react link (54 ms)

  ● renders learn react link

    TestingLibraryElementError: Unable to find an element with the text: /work/i. This could be because the text is broken up by multiple elements. In this case, you can provide a function for your text matcher to make your matcher more flexible.

    Ignored nodes: comments, script, style
    [36m<body>[39m
      [36m<div>[39m
        [36m<div>[39m
          [36m<div[39m
            [33mclass[39m=[32m"background"[39m
          [36m>[39m
            [36m<nav[39m
              [33mid[39m=[32m"topnav"[39m
            [36m>[39m
              [36m<a[39m
                [33maria-current[39m=[32m"page"[39m
                [33mclass[39m=[32m"nav-link active"[39m
                [33mhref[39m=[32m"/"[39m
              [36m>[39m
                [0mHome[0m
              [36m</a>[39m
              [36m<a[39m
                [33mclass[39m=[32m"nav-link"[39m
                [33mhref[39m=[32m"/About"[39m
              [36m>[39m
                [0mAbout[0m
              [36m</a>[39m
            [36m</nav>[39m
            [36m<div[39m
              [33mclass[39m=[32m"container"[39m
            [36m>[39m
              [36m<div[39m
                [33mclass[39m=[32m"hometitle"[39m
              [36m>[39m
                [36m<p>[39m
                  [0mAny Safeties?[0m
                [36m</p>[39m
                [36m<div[39m
                  [33mclass[39m=[32m"safetytitle"[39m
                [36m>[39m
                  [36m<p>[39m
                    [0mHave there been any safeties this week?[0m
                  [36m</p>[39m
                [36m</div>[39m
              [36m</div>[39m
              [36m<div>[39m
                [36m<div[39m
                  [33mclass[39m=[32m"safetycount"[39m
                [36m>[39m
                  [36m<p>[39m
                    [0mNo.[0m
                  [36m</p>[39m
                  [36m<div>[39m
                    [36m<ul />[39m
                  [36m</div>[39m
                [36m</div>[39m
              [36m</div>[39m
            [36m</div>[39m
          [36m</div>[39m
        [36m</div>[39m
      [36m</div>[39m
    [36m</body>[39m

      4 | test('renders learn react link', () => {
      5 |   render(<App />);
    > 6 |   const linkElement = screen.getByText(/work/i);
        |                              ^
      7 |   expect(linkElement).toBeInTheDocument();
      8 | });
      9 |

      at Object.getElementError (node_modules/@testing-library/react/node_modules/@testing-library/dom/dist/config.js:37:19)
      at node_modules/@testing-library/react/node_modules/@testing-library/dom/dist/query-helpers.js:76:38
      at node_modules/@testing-library/react/node_modules/@testing-library/dom/dist/query-helpers.js:52:17
      at getByText (node_modules/@testing-library/react/node_modules/@testing-library/dom/dist/query-helpers.js:95:19)
      at Object.<anonymous> (src/App.test.js:6:30)
      at TestScheduler.scheduleTests (node_modules/@jest/core/build/TestScheduler.js:333:13)
      at runJest (node_modules/@jest/core/build/runJest.js:404:19)
      at _run10000 (node_modules/@jest/core/build/cli/index.js:320:7)
      at runCLI (node_modules/@jest/core/build/cli/index.js:173:3)

--------------------------|---------|----------|---------|---------|-------------------
File                      | % Stmts | % Branch | % Funcs | % Lines | Uncovered Line #s 
--------------------------|---------|----------|---------|---------|-------------------
All files                 |   18.51 |     4.16 |   27.58 |   18.66 |                   
 src                      |    8.33 |        0 |   33.33 |    8.33 |                   
  App.js                  |     100 |      100 |     100 |     100 |                   
  index.js                |       0 |      100 |     100 |       0 | 8-18              
  reportWebVitals.js      |       0 |        0 |       0 |       0 | 1-8               
 src/components           |   36.11 |     6.25 |      60 |    37.5 |                   
  NavBar.tsx              |     100 |      100 |     100 |     100 |                   
  SafetyDisplay.tsx       |   81.81 |       50 |      60 |      80 | 15,32             
  SafteyChecker.js        |    12.5 |        0 |      50 |   14.28 | 5-30,36-47        
 src/interfaces           |       0 |        0 |       0 |       0 |                   
  VideoProps.tsx          |       0 |        0 |       0 |       0 |                   
 src/pages                |      50 |      100 |      50 |      50 |                   
  About.tsx               |       0 |      100 |       0 |       0 | 6                 
  Home.tsx                |     100 |      100 |     100 |     100 |                   
 src/pages/subpages       |       0 |        0 |       0 |       0 |                   
  About.js                |       0 |      100 |       0 |       0 | 6-25              
  Home.js                 |       0 |      100 |       0 |       0 | 5-12              
  ProfessionalProjects.js |       0 |      100 |       0 |       0 | 15-45             
  SoloProjects.js         |       0 |      100 |       0 |       0 | 11-40             
  VideoPlayer.js          |       0 |        0 |       0 |       0 | 7-15              
--------------------------|---------|----------|---------|---------|-------------------
Test Suites: 1 failed, 1 total
Tests:       1 failed, 1 total
Snapshots:   0 total
Time:        2.518 s
Ran all test suites.
